-- The C compiler identification is GNU 11.4.0
-- The CXX compiler identification is GNU 11.4.0
-- Detecting C compiler ABI info
-- Detecting C compiler ABI info - done
-- Check for working C compiler: /usr/bin/cc - skipped
-- Detecting C compile features
-- Detecting C compile features - done
-- Detecting CXX compiler ABI info
-- Detecting CXX compiler ABI info - done
-- Check for working CXX compiler: /usr/bin/c++ - skipped
-- Detecting CXX compile features
-- Detecting CXX compile features - done
-- Found ament_cmake: 1.3.14 (/opt/ros/humble/share/ament_cmake/cmake)
-- Found Python3: /usr/bin/python3 (found version "3.10.12") found components: Interpreter 
-- Override CMake install command with custom implementation using symlinks instead of copying resources
-- Found geometry_msgs: 4.9.1 (/opt/ros/humble/share/geometry_msgs/cmake)
-- Found rosidl_generator_c: 3.1.8 (/opt/ros/humble/share/rosidl_generator_c/cmake)
-- Found rosidl_adapter: 3.1.8 (/opt/ros/humble/share/rosidl_adapter/cmake)
-- Found rosidl_generator_cpp: 3.1.8 (/opt/ros/humble/share/rosidl_generator_cpp/cmake)
-- Using all available rosidl_typesupport_c: rosidl_typesupport_fastrtps_c;rosidl_typesupport_introspection_c
-- Using all available rosidl_typesupport_cpp: rosidl_typesupport_fastrtps_cpp;rosidl_typesupport_introspection_cpp
-- Found rosidl_default_generators: 1.2.1 (/opt/ros/humble/share/rosidl_default_generators/cmake)
-- Found ament_cmake_ros: 0.10.0 (/opt/ros/humble/share/ament_cmake_ros/cmake)
-- Using all available rosidl_typesupport_c: rosidl_typesupport_fastrtps_c;rosidl_typesupport_introspection_c
-- Using all available rosidl_typesupport_cpp: rosidl_typesupport_fastrtps_cpp;rosidl_typesupport_introspection_cpp
-- Found PythonInterp: /usr/bin/python3 (found suitable version "3.10.12", minimum required is "3.6") 
-- Found python_cmake_module: 0.10.0 (/opt/ros/humble/share/python_cmake_module/cmake)
-- Found PythonLibs: /usr/lib/x86_64-linux-gnu/libpython3.10.so (found suitable version "3.10.12", minimum required is "3.5") 
-- Using PYTHON_EXECUTABLE: /usr/bin/python3
-- Using PYTHON_INCLUDE_DIRS: /usr/include/python3.10
-- Using PYTHON_LIBRARIES: /usr/lib/x86_64-linux-gnu/libpython3.10.so
-- Found PythonExtra: .so  
-- Found ament_lint_auto: 0.12.15 (/opt/ros/humble/share/ament_lint_auto/cmake)
-- Added test 'lint_cmake' to check CMake code style
-- Added test 'xmllint' to check XML markup files
-- Configuring done
-- Generating done
-- Build files have been written to: /home/mahmmudqatmh/arms_ros2_humble/ros2_ws/build/armrs_msgs
[  2%] [34m[1mGenerating C code for ROS interfaces[0m
[  5%] [34m[1mGenerating Rust code for ROS interfaces[0m
[  7%] [34m[1mGenerating C++ code for ROS interfaces[0m
[  7%] Built target ament_cmake_python_symlink_armrs_msgs
[  7%] Built target armrs_msgs__rs
[  7%] Built target armrs_msgs__cpp
running egg_info
creating armrs_msgs.egg-info
writing armrs_msgs.egg-info/PKG-INFO
writing dependency_links to armrs_msgs.egg-info/dependency_links.txt
writing top-level names to armrs_msgs.egg-info/top_level.txt
writing manifest file 'armrs_msgs.egg-info/SOURCES.txt'
[ 10%] [34m[1mGenerating C++ introspection for ROS interfaces[0m
[ 12%] [32mBuilding C object CMakeFiles/armrs_msgs__rosidl_generator_c.dir/rosidl_generator_c/armrs_msgs/msg/detail/state_exchange__functions.c.o[0m
reading manifest file 'armrs_msgs.egg-info/SOURCES.txt'
[ 15%] [32mBuilding C object CMakeFiles/armrs_msgs__rosidl_generator_c.dir/rosidl_generator_c/armrs_msgs/msg/detail/fleet_information__functions.c.o[0m
writing manifest file 'armrs_msgs.egg-info/SOURCES.txt'
[ 17%] [34m[1mGenerating C++ type support for eProsima Fast-RTPS[0m
[ 20%] [34m[1mGenerating C++ type support dispatch for ROS interfaces[0m
[ 20%] Built target ament_cmake_python_build_armrs_msgs_egg
[ 22%] [32m[1mLinking C shared library libarmrs_msgs__rosidl_generator_c.so[0m
[ 22%] Built target armrs_msgs__rosidl_generator_c
[ 25%] [34m[1mGenerating C type support for eProsima Fast-RTPS[0m
[ 27%] [34m[1mGenerating C type support dispatch for ROS interfaces[0m
[ 30%] [34m[1mGenerating C introspection for ROS interfaces[0m
[ 35%] [32mBuilding CXX object CMakeFiles/armrs_msgs__rosidl_typesupport_cpp.dir/rosidl_typesupport_cpp/armrs_msgs/msg/state_exchange__type_support.cpp.o[0m
[ 35%] [32mBuilding CXX object CMakeFiles/armrs_msgs__rosidl_typesupport_cpp.dir/rosidl_typesupport_cpp/armrs_msgs/msg/fleet_information__type_support.cpp.o[0m
[ 40%] [32mBuilding CXX object CMakeFiles/armrs_msgs__rosidl_typesupport_introspection_cpp.dir/rosidl_typesupport_introspection_cpp/armrs_msgs/msg/detail/state_exchange__type_support.cpp.o[0m
[ 40%] [32mBuilding CXX object CMakeFiles/armrs_msgs__rosidl_typesupport_introspection_cpp.dir/rosidl_typesupport_introspection_cpp/armrs_msgs/msg/detail/fleet_information__type_support.cpp.o[0m
[ 42%] [32mBuilding CXX object CMakeFiles/armrs_msgs__rosidl_typesupport_fastrtps_cpp.dir/rosidl_typesupport_fastrtps_cpp/armrs_msgs/msg/detail/dds_fastrtps/fleet_information__type_support.cpp.o[0m
[ 45%] [32mBuilding CXX object CMakeFiles/armrs_msgs__rosidl_typesupport_fastrtps_cpp.dir/rosidl_typesupport_fastrtps_cpp/armrs_msgs/msg/detail/dds_fastrtps/state_exchange__type_support.cpp.o[0m
[ 47%] [32mBuilding CXX object CMakeFiles/armrs_msgs__rosidl_typesupport_c.dir/rosidl_typesupport_c/armrs_msgs/msg/fleet_information__type_support.cpp.o[0m
[ 50%] [32mBuilding CXX object CMakeFiles/armrs_msgs__rosidl_typesupport_c.dir/rosidl_typesupport_c/armrs_msgs/msg/state_exchange__type_support.cpp.o[0m
[ 52%] [32mBuilding C object CMakeFiles/armrs_msgs__rosidl_typesupport_introspection_c.dir/rosidl_typesupport_introspection_c/armrs_msgs/msg/detail/state_exchange__type_support.c.o[0m
[ 55%] [32mBuilding C object CMakeFiles/armrs_msgs__rosidl_typesupport_introspection_c.dir/rosidl_typesupport_introspection_c/armrs_msgs/msg/detail/fleet_information__type_support.c.o[0m
[ 57%] [32m[1mLinking CXX shared library libarmrs_msgs__rosidl_typesupport_c.so[0m
[ 60%] [32m[1mLinking C shared library libarmrs_msgs__rosidl_typesupport_introspection_c.so[0m
[ 62%] [32mBuilding CXX object CMakeFiles/armrs_msgs__rosidl_typesupport_fastrtps_c.dir/rosidl_typesupport_fastrtps_c/armrs_msgs/msg/detail/state_exchange__type_support_c.cpp.o[0m
[ 65%] [32mBuilding CXX object CMakeFiles/armrs_msgs__rosidl_typesupport_fastrtps_c.dir/rosidl_typesupport_fastrtps_c/armrs_msgs/msg/detail/fleet_information__type_support_c.cpp.o[0m
[ 65%] Built target armrs_msgs__rosidl_typesupport_c
[ 65%] Built target armrs_msgs__rosidl_typesupport_introspection_c
[ 67%] [32m[1mLinking CXX shared library libarmrs_msgs__rosidl_typesupport_cpp.so[0m
[ 67%] Built target armrs_msgs__rosidl_typesupport_cpp
[ 70%] [32m[1mLinking CXX shared library libarmrs_msgs__rosidl_typesupport_fastrtps_cpp.so[0m
[ 72%] [32m[1mLinking CXX shared library libarmrs_msgs__rosidl_typesupport_introspection_cpp.so[0m
[ 75%] [32m[1mLinking CXX shared library libarmrs_msgs__rosidl_typesupport_fastrtps_c.so[0m
[ 75%] Built target armrs_msgs__rosidl_typesupport_fastrtps_cpp
[ 75%] Built target armrs_msgs__rosidl_typesupport_introspection_cpp
[ 75%] Built target armrs_msgs__rosidl_typesupport_fastrtps_c
[ 75%] Built target armrs_msgs
[ 77%] [34m[1mGenerating Python code for ROS interfaces[0m
[ 77%] Built target armrs_msgs__py
[ 80%] [32mBuilding C object CMakeFiles/armrs_msgs__rosidl_generator_py.dir/rosidl_generator_py/armrs_msgs/msg/_state_exchange_s.c.o[0m
[ 82%] [32mBuilding C object CMakeFiles/armrs_msgs__rosidl_generator_py.dir/rosidl_generator_py/armrs_msgs/msg/_fleet_information_s.c.o[0m
[ 85%] [32m[1mLinking C shared library rosidl_generator_py/armrs_msgs/libarmrs_msgs__rosidl_generator_py.so[0m
[ 85%] Built target armrs_msgs__rosidl_generator_py
[ 92%] [32mBuilding C object CMakeFiles/armrs_msgs__rosidl_typesupport_introspection_c__pyext.dir/rosidl_generator_py/armrs_msgs/_armrs_msgs_s.ep.rosidl_typesupport_introspection_c.c.o[0m
[ 92%] [32mBuilding C object CMakeFiles/armrs_msgs__rosidl_typesupport_c__pyext.dir/rosidl_generator_py/armrs_msgs/_armrs_msgs_s.ep.rosidl_typesupport_c.c.o[0m
[ 92%] [32mBuilding C object CMakeFiles/armrs_msgs__rosidl_typesupport_fastrtps_c__pyext.dir/rosidl_generator_py/armrs_msgs/_armrs_msgs_s.ep.rosidl_typesupport_fastrtps_c.c.o[0m
[ 95%] [32m[1mLinking C shared library rosidl_generator_py/armrs_msgs/armrs_msgs_s__rosidl_typesupport_fastrtps_c.cpython-310-x86_64-linux-gnu.so[0m
[ 97%] [32m[1mLinking C shared library rosidl_generator_py/armrs_msgs/armrs_msgs_s__rosidl_typesupport_introspection_c.cpython-310-x86_64-linux-gnu.so[0m
[100%] [32m[1mLinking C shared library rosidl_generator_py/armrs_msgs/armrs_msgs_s__rosidl_typesupport_c.cpython-310-x86_64-linux-gnu.so[0m
[100%] Built target armrs_msgs__rosidl_typesupport_c__pyext
[100%] Built target armrs_msgs__rosidl_typesupport_introspection_c__pyext
[100%] Built target armrs_msgs__rosidl_typesupport_fastrtps_c__pyext
-- Install configuration: ""
-- Execute custom install script
-- Symlinking: /home/mahmmudqatmh/arms_ros2_humble/ros2_ws/install/armrs_msgs/share/ament_index/resource_index/rosidl_interfaces/armrs_msgs
-- Symlinking: /home/mahmmudqatmh/arms_ros2_humble/ros2_ws/install/armrs_msgs/include/armrs_msgs/armrs_msgs/msg/detail/fleet_information__functions.h
-- Symlinking: /home/mahmmudqatmh/arms_ros2_humble/ros2_ws/install/armrs_msgs/include/armrs_msgs/armrs_msgs/msg/detail/fleet_information__struct.h
-- Symlinking: /home/mahmmudqatmh/arms_ros2_humble/ros2_ws/install/armrs_msgs/include/armrs_msgs/armrs_msgs/msg/detail/fleet_information__type_support.h
-- Symlinking: /home/mahmmudqatmh/arms_ros2_humble/ros2_ws/install/armrs_msgs/include/armrs_msgs/armrs_msgs/msg/detail/state_exchange__functions.h
-- Symlinking: /home/mahmmudqatmh/arms_ros2_humble/ros2_ws/install/armrs_msgs/include/armrs_msgs/armrs_msgs/msg/detail/state_exchange__struct.h
-- Symlinking: /home/mahmmudqatmh/arms_ros2_humble/ros2_ws/install/armrs_msgs/include/armrs_msgs/armrs_msgs/msg/detail/state_exchange__type_support.h
-- Symlinking: /home/mahmmudqatmh/arms_ros2_humble/ros2_ws/install/armrs_msgs/include/armrs_msgs/armrs_msgs/msg/fleet_information.h
-- Symlinking: /home/mahmmudqatmh/arms_ros2_humble/ros2_ws/install/armrs_msgs/include/armrs_msgs/armrs_msgs/msg/rosidl_generator_c__visibility_control.h
-- Symlinking: /home/mahmmudqatmh/arms_ros2_humble/ros2_ws/install/armrs_msgs/include/armrs_msgs/armrs_msgs/msg/state_exchange.h
-- Symlinking: /home/mahmmudqatmh/arms_ros2_humble/ros2_ws/install/armrs_msgs/share/armrs_msgs/environment/library_path.sh
-- Symlinking: /home/mahmmudqatmh/arms_ros2_humble/ros2_ws/install/armrs_msgs/share/armrs_msgs/environment/library_path.dsv
-- Symlinking: /home/mahmmudqatmh/arms_ros2_humble/ros2_ws/install/armrs_msgs/include/armrs_msgs/armrs_msgs/msg/detail/fleet_information__rosidl_typesupport_fastrtps_c.h
-- Symlinking: /home/mahmmudqatmh/arms_ros2_humble/ros2_ws/install/armrs_msgs/include/armrs_msgs/armrs_msgs/msg/detail/state_exchange__rosidl_typesupport_fastrtps_c.h
-- Symlinking: /home/mahmmudqatmh/arms_ros2_humble/ros2_ws/install/armrs_msgs/include/armrs_msgs/armrs_msgs/msg/rosidl_typesupport_fastrtps_c__visibility_control.h
-- Symlinking: /home/mahmmudqatmh/arms_ros2_humble/ros2_ws/install/armrs_msgs/include/armrs_msgs/armrs_msgs/msg/detail/fleet_information__builder.hpp
-- Symlinking: /home/mahmmudqatmh/arms_ros2_humble/ros2_ws/install/armrs_msgs/include/armrs_msgs/armrs_msgs/msg/detail/fleet_information__struct.hpp
-- Symlinking: /home/mahmmudqatmh/arms_ros2_humble/ros2_ws/install/armrs_msgs/include/armrs_msgs/armrs_msgs/msg/detail/fleet_information__traits.hpp
-- Symlinking: /home/mahmmudqatmh/arms_ros2_humble/ros2_ws/install/armrs_msgs/include/armrs_msgs/armrs_msgs/msg/detail/fleet_information__type_support.hpp
-- Symlinking: /home/mahmmudqatmh/arms_ros2_humble/ros2_ws/install/armrs_msgs/include/armrs_msgs/armrs_msgs/msg/detail/state_exchange__builder.hpp
-- Symlinking: /home/mahmmudqatmh/arms_ros2_humble/ros2_ws/install/armrs_msgs/include/armrs_msgs/armrs_msgs/msg/detail/state_exchange__struct.hpp
-- Symlinking: /home/mahmmudqatmh/arms_ros2_humble/ros2_ws/install/armrs_msgs/include/armrs_msgs/armrs_msgs/msg/detail/state_exchange__traits.hpp
-- Symlinking: /home/mahmmudqatmh/arms_ros2_humble/ros2_ws/install/armrs_msgs/include/armrs_msgs/armrs_msgs/msg/detail/state_exchange__type_support.hpp
-- Symlinking: /home/mahmmudqatmh/arms_ros2_humble/ros2_ws/install/armrs_msgs/include/armrs_msgs/armrs_msgs/msg/fleet_information.hpp
-- Symlinking: /home/mahmmudqatmh/arms_ros2_humble/ros2_ws/install/armrs_msgs/include/armrs_msgs/armrs_msgs/msg/rosidl_generator_cpp__visibility_control.hpp
-- Symlinking: /home/mahmmudqatmh/arms_ros2_humble/ros2_ws/install/armrs_msgs/include/armrs_msgs/armrs_msgs/msg/state_exchange.hpp
-- Symlinking: /home/mahmmudqatmh/arms_ros2_humble/ros2_ws/install/armrs_msgs/include/armrs_msgs/armrs_msgs/msg/detail/fleet_information__rosidl_typesupport_fastrtps_cpp.hpp
-- Symlinking: /home/mahmmudqatmh/arms_ros2_humble/ros2_ws/install/armrs_msgs/include/armrs_msgs/armrs_msgs/msg/detail/state_exchange__rosidl_typesupport_fastrtps_cpp.hpp
-- Symlinking: /home/mahmmudqatmh/arms_ros2_humble/ros2_ws/install/armrs_msgs/include/armrs_msgs/armrs_msgs/msg/rosidl_typesupport_fastrtps_cpp__visibility_control.h
-- Symlinking: /home/mahmmudqatmh/arms_ros2_humble/ros2_ws/install/armrs_msgs/include/armrs_msgs/armrs_msgs/msg/detail/fleet_information__rosidl_typesupport_introspection_c.h
-- Symlinking: /home/mahmmudqatmh/arms_ros2_humble/ros2_ws/install/armrs_msgs/include/armrs_msgs/armrs_msgs/msg/detail/state_exchange__rosidl_typesupport_introspection_c.h
-- Symlinking: /home/mahmmudqatmh/arms_ros2_humble/ros2_ws/install/armrs_msgs/include/armrs_msgs/armrs_msgs/msg/rosidl_typesupport_introspection_c__visibility_control.h
-- Symlinking: /home/mahmmudqatmh/arms_ros2_humble/ros2_ws/install/armrs_msgs/include/armrs_msgs/armrs_msgs/msg/detail/fleet_information__rosidl_typesupport_introspection_cpp.hpp
-- Symlinking: /home/mahmmudqatmh/arms_ros2_humble/ros2_ws/install/armrs_msgs/include/armrs_msgs/armrs_msgs/msg/detail/state_exchange__rosidl_typesupport_introspection_cpp.hpp
-- Symlinking: /home/mahmmudqatmh/arms_ros2_humble/ros2_ws/install/armrs_msgs/share/armrs_msgs/environment/pythonpath.sh
-- Symlinking: /home/mahmmudqatmh/arms_ros2_humble/ros2_ws/install/armrs_msgs/share/armrs_msgs/environment/pythonpath.dsv
-- Symlinking: /home/mahmmudqatmh/arms_ros2_humble/ros2_ws/install/armrs_msgs/local/lib/python3.10/dist-packages/armrs_msgs-0.0.0-py3.10.egg-info/PKG-INFO
-- Symlinking: /home/mahmmudqatmh/arms_ros2_humble/ros2_ws/install/armrs_msgs/local/lib/python3.10/dist-packages/armrs_msgs-0.0.0-py3.10.egg-info/SOURCES.txt
-- Symlinking: /home/mahmmudqatmh/arms_ros2_humble/ros2_ws/install/armrs_msgs/local/lib/python3.10/dist-packages/armrs_msgs-0.0.0-py3.10.egg-info/dependency_links.txt
-- Symlinking: /home/mahmmudqatmh/arms_ros2_humble/ros2_ws/install/armrs_msgs/local/lib/python3.10/dist-packages/armrs_msgs-0.0.0-py3.10.egg-info/top_level.txt
-- Symlinking: /home/mahmmudqatmh/arms_ros2_humble/ros2_ws/install/armrs_msgs/local/lib/python3.10/dist-packages/armrs_msgs/__init__.py
-- Symlinking: /home/mahmmudqatmh/arms_ros2_humble/ros2_ws/install/armrs_msgs/local/lib/python3.10/dist-packages/armrs_msgs/_armrs_msgs_s.ep.rosidl_typesupport_c.c
-- Symlinking: /home/mahmmudqatmh/arms_ros2_humble/ros2_ws/install/armrs_msgs/local/lib/python3.10/dist-packages/armrs_msgs/_armrs_msgs_s.ep.rosidl_typesupport_fastrtps_c.c
-- Symlinking: /home/mahmmudqatmh/arms_ros2_humble/ros2_ws/install/armrs_msgs/local/lib/python3.10/dist-packages/armrs_msgs/_armrs_msgs_s.ep.rosidl_typesupport_introspection_c.c
-- Symlinking: /home/mahmmudqatmh/arms_ros2_humble/ros2_ws/install/armrs_msgs/local/lib/python3.10/dist-packages/armrs_msgs/armrs_msgs_s__rosidl_typesupport_c.cpython-310-x86_64-linux-gnu.so
-- Symlinking: /home/mahmmudqatmh/arms_ros2_humble/ros2_ws/install/armrs_msgs/local/lib/python3.10/dist-packages/armrs_msgs/armrs_msgs_s__rosidl_typesupport_fastrtps_c.cpython-310-x86_64-linux-gnu.so
-- Symlinking: /home/mahmmudqatmh/arms_ros2_humble/ros2_ws/install/armrs_msgs/local/lib/python3.10/dist-packages/armrs_msgs/armrs_msgs_s__rosidl_typesupport_introspection_c.cpython-310-x86_64-linux-gnu.so
-- Symlinking: /home/mahmmudqatmh/arms_ros2_humble/ros2_ws/install/armrs_msgs/local/lib/python3.10/dist-packages/armrs_msgs/libarmrs_msgs__rosidl_generator_py.so
-- Symlinking: /home/mahmmudqatmh/arms_ros2_humble/ros2_ws/install/armrs_msgs/local/lib/python3.10/dist-packages/armrs_msgs/msg/__init__.py
-- Symlinking: /home/mahmmudqatmh/arms_ros2_humble/ros2_ws/install/armrs_msgs/local/lib/python3.10/dist-packages/armrs_msgs/msg/_fleet_information.py
-- Symlinking: /home/mahmmudqatmh/arms_ros2_humble/ros2_ws/install/armrs_msgs/local/lib/python3.10/dist-packages/armrs_msgs/msg/_fleet_information_s.c
-- Symlinking: /home/mahmmudqatmh/arms_ros2_humble/ros2_ws/install/armrs_msgs/local/lib/python3.10/dist-packages/armrs_msgs/msg/_state_exchange.py
-- Symlinking: /home/mahmmudqatmh/arms_ros2_humble/ros2_ws/install/armrs_msgs/local/lib/python3.10/dist-packages/armrs_msgs/msg/_state_exchange_s.c
-- Up-to-date symlink: /home/mahmmudqatmh/arms_ros2_humble/ros2_ws/install/armrs_msgs/local/lib/python3.10/dist-packages/armrs_msgs/armrs_msgs_s__rosidl_typesupport_fastrtps_c.cpython-310-x86_64-linux-gnu.so
-- Up-to-date symlink: /home/mahmmudqatmh/arms_ros2_humble/ros2_ws/install/armrs_msgs/local/lib/python3.10/dist-packages/armrs_msgs/armrs_msgs_s__rosidl_typesupport_introspection_c.cpython-310-x86_64-linux-gnu.so
-- Up-to-date symlink: /home/mahmmudqatmh/arms_ros2_humble/ros2_ws/install/armrs_msgs/local/lib/python3.10/dist-packages/armrs_msgs/armrs_msgs_s__rosidl_typesupport_c.cpython-310-x86_64-linux-gnu.so
-- Symlinking: /home/mahmmudqatmh/arms_ros2_humble/ros2_ws/install/armrs_msgs/share/ament_index/resource_index/rust_packages/armrs_msgs
-- Symlinking: /home/mahmmudqatmh/arms_ros2_humble/ros2_ws/install/armrs_msgs/share/armrs_msgs/rust/Cargo.toml
-- Symlinking: /home/mahmmudqatmh/arms_ros2_humble/ros2_ws/install/armrs_msgs/share/armrs_msgs/rust/build.rs
-- Symlinking: /home/mahmmudqatmh/arms_ros2_humble/ros2_ws/install/armrs_msgs/share/armrs_msgs/rust/src/lib.rs
-- Symlinking: /home/mahmmudqatmh/arms_ros2_humble/ros2_ws/install/armrs_msgs/share/armrs_msgs/rust/src/msg.rs
-- Symlinking: /home/mahmmudqatmh/arms_ros2_humble/ros2_ws/install/armrs_msgs/share/armrs_msgs/rust/src/msg/rmw.rs
-- Symlinking: /home/mahmmudqatmh/arms_ros2_humble/ros2_ws/install/armrs_msgs/share/armrs_msgs/msg/StateExchange.idl
-- Symlinking: /home/mahmmudqatmh/arms_ros2_humble/ros2_ws/install/armrs_msgs/share/armrs_msgs/msg/FleetInformation.idl
-- Symlinking: /home/mahmmudqatmh/arms_ros2_humble/ros2_ws/install/armrs_msgs/share/armrs_msgs/msg/StateExchange.msg
-- Symlinking: /home/mahmmudqatmh/arms_ros2_humble/ros2_ws/install/armrs_msgs/share/armrs_msgs/msg/FleetInformation.msg
-- Symlinking: /home/mahmmudqatmh/arms_ros2_humble/ros2_ws/install/armrs_msgs/share/ament_index/resource_index/package_run_dependencies/armrs_msgs
-- Symlinking: /home/mahmmudqatmh/arms_ros2_humble/ros2_ws/install/armrs_msgs/share/ament_index/resource_index/parent_prefix_path/armrs_msgs
-- Symlinking: /home/mahmmudqatmh/arms_ros2_humble/ros2_ws/install/armrs_msgs/share/armrs_msgs/environment/ament_prefix_path.sh
-- Symlinking: /home/mahmmudqatmh/arms_ros2_humble/ros2_ws/install/armrs_msgs/share/armrs_msgs/environment/ament_prefix_path.dsv
-- Symlinking: /home/mahmmudqatmh/arms_ros2_humble/ros2_ws/install/armrs_msgs/share/armrs_msgs/environment/path.sh
-- Symlinking: /home/mahmmudqatmh/arms_ros2_humble/ros2_ws/install/armrs_msgs/share/armrs_msgs/environment/path.dsv
-- Symlinking: /home/mahmmudqatmh/arms_ros2_humble/ros2_ws/install/armrs_msgs/share/armrs_msgs/local_setup.bash
-- Symlinking: /home/mahmmudqatmh/arms_ros2_humble/ros2_ws/install/armrs_msgs/share/armrs_msgs/local_setup.sh
-- Symlinking: /home/mahmmudqatmh/arms_ros2_humble/ros2_ws/install/armrs_msgs/share/armrs_msgs/local_setup.zsh
-- Symlinking: /home/mahmmudqatmh/arms_ros2_humble/ros2_ws/install/armrs_msgs/share/armrs_msgs/local_setup.dsv
-- Symlinking: /home/mahmmudqatmh/arms_ros2_humble/ros2_ws/install/armrs_msgs/share/armrs_msgs/package.dsv
-- Symlinking: /home/mahmmudqatmh/arms_ros2_humble/ros2_ws/install/armrs_msgs/share/ament_index/resource_index/packages/armrs_msgs
-- Symlinking: /home/mahmmudqatmh/arms_ros2_humble/ros2_ws/install/armrs_msgs/share/armrs_msgs/cmake/rosidl_cmake-extras.cmake
-- Symlinking: /home/mahmmudqatmh/arms_ros2_humble/ros2_ws/install/armrs_msgs/share/armrs_msgs/cmake/ament_cmake_export_dependencies-extras.cmake
-- Symlinking: /home/mahmmudqatmh/arms_ros2_humble/ros2_ws/install/armrs_msgs/share/armrs_msgs/cmake/ament_cmake_export_include_directories-extras.cmake
-- Symlinking: /home/mahmmudqatmh/arms_ros2_humble/ros2_ws/install/armrs_msgs/share/armrs_msgs/cmake/ament_cmake_export_libraries-extras.cmake
-- Symlinking: /home/mahmmudqatmh/arms_ros2_humble/ros2_ws/install/armrs_msgs/share/armrs_msgs/cmake/ament_cmake_export_targets-extras.cmake
-- Symlinking: /home/mahmmudqatmh/arms_ros2_humble/ros2_ws/install/armrs_msgs/share/armrs_msgs/cmake/rosidl_cmake_export_typesupport_targets-extras.cmake
-- Symlinking: /home/mahmmudqatmh/arms_ros2_humble/ros2_ws/install/armrs_msgs/share/armrs_msgs/cmake/rosidl_cmake_export_typesupport_libraries-extras.cmake
-- Symlinking: /home/mahmmudqatmh/arms_ros2_humble/ros2_ws/install/armrs_msgs/share/armrs_msgs/cmake/armrs_msgsConfig.cmake
-- Symlinking: /home/mahmmudqatmh/arms_ros2_humble/ros2_ws/install/armrs_msgs/share/armrs_msgs/cmake/armrs_msgsConfig-version.cmake
-- Symlinking: /home/mahmmudqatmh/arms_ros2_humble/ros2_ws/install/armrs_msgs/share/armrs_msgs/package.xml
-- Installing: /home/mahmmudqatmh/arms_ros2_humble/ros2_ws/install/armrs_msgs/lib/libarmrs_msgs__rosidl_generator_c.so
-- Set runtime path of "/home/mahmmudqatmh/arms_ros2_humble/ros2_ws/install/armrs_msgs/lib/libarmrs_msgs__rosidl_generator_c.so" to ""
-- Installing: /home/mahmmudqatmh/arms_ros2_humble/ros2_ws/install/armrs_msgs/lib/libarmrs_msgs__rosidl_typesupport_fastrtps_c.so
-- Set runtime path of "/home/mahmmudqatmh/arms_ros2_humble/ros2_ws/install/armrs_msgs/lib/libarmrs_msgs__rosidl_typesupport_fastrtps_c.so" to ""
-- Installing: /home/mahmmudqatmh/arms_ros2_humble/ros2_ws/install/armrs_msgs/lib/libarmrs_msgs__rosidl_typesupport_fastrtps_cpp.so
-- Set runtime path of "/home/mahmmudqatmh/arms_ros2_humble/ros2_ws/install/armrs_msgs/lib/libarmrs_msgs__rosidl_typesupport_fastrtps_cpp.so" to ""
-- Installing: /home/mahmmudqatmh/arms_ros2_humble/ros2_ws/install/armrs_msgs/lib/libarmrs_msgs__rosidl_typesupport_introspection_c.so
-- Set runtime path of "/home/mahmmudqatmh/arms_ros2_humble/ros2_ws/install/armrs_msgs/lib/libarmrs_msgs__rosidl_typesupport_introspection_c.so" to ""
-- Installing: /home/mahmmudqatmh/arms_ros2_humble/ros2_ws/install/armrs_msgs/lib/libarmrs_msgs__rosidl_typesupport_c.so
-- Set runtime path of "/home/mahmmudqatmh/arms_ros2_humble/ros2_ws/install/armrs_msgs/lib/libarmrs_msgs__rosidl_typesupport_c.so" to ""
-- Installing: /home/mahmmudqatmh/arms_ros2_humble/ros2_ws/install/armrs_msgs/lib/libarmrs_msgs__rosidl_typesupport_introspection_cpp.so
-- Set runtime path of "/home/mahmmudqatmh/arms_ros2_humble/ros2_ws/install/armrs_msgs/lib/libarmrs_msgs__rosidl_typesupport_introspection_cpp.so" to ""
-- Installing: /home/mahmmudqatmh/arms_ros2_humble/ros2_ws/install/armrs_msgs/lib/libarmrs_msgs__rosidl_typesupport_cpp.so
-- Set runtime path of "/home/mahmmudqatmh/arms_ros2_humble/ros2_ws/install/armrs_msgs/lib/libarmrs_msgs__rosidl_typesupport_cpp.so" to ""
Listing '/home/mahmmudqatmh/arms_ros2_humble/ros2_ws/install/armrs_msgs/local/lib/python3.10/dist-packages/armrs_msgs'...
Compiling '/home/mahmmudqatmh/arms_ros2_humble/ros2_ws/install/armrs_msgs/local/lib/python3.10/dist-packages/armrs_msgs/__init__.py'...
Listing '/home/mahmmudqatmh/arms_ros2_humble/ros2_ws/install/armrs_msgs/local/lib/python3.10/dist-packages/armrs_msgs/msg'...
Compiling '/home/mahmmudqatmh/arms_ros2_humble/ros2_ws/install/armrs_msgs/local/lib/python3.10/dist-packages/armrs_msgs/msg/__init__.py'...
Compiling '/home/mahmmudqatmh/arms_ros2_humble/ros2_ws/install/armrs_msgs/local/lib/python3.10/dist-packages/armrs_msgs/msg/_fleet_information.py'...
Compiling '/home/mahmmudqatmh/arms_ros2_humble/ros2_ws/install/armrs_msgs/local/lib/python3.10/dist-packages/armrs_msgs/msg/_state_exchange.py'...
-- Installing: /home/mahmmudqatmh/arms_ros2_humble/ros2_ws/install/armrs_msgs/lib/libarmrs_msgs__rosidl_generator_py.so
-- Set runtime path of "/home/mahmmudqatmh/arms_ros2_humble/ros2_ws/install/armrs_msgs/lib/libarmrs_msgs__rosidl_generator_py.so" to ""
-- Installing: /home/mahmmudqatmh/arms_ros2_humble/ros2_ws/install/armrs_msgs/share/armrs_msgs/cmake/export_armrs_msgs__rosidl_generator_cExport.cmake
-- Installing: /home/mahmmudqatmh/arms_ros2_humble/ros2_ws/install/armrs_msgs/share/armrs_msgs/cmake/export_armrs_msgs__rosidl_generator_cExport-noconfig.cmake
-- Installing: /home/mahmmudqatmh/arms_ros2_humble/ros2_ws/install/armrs_msgs/share/armrs_msgs/cmake/export_armrs_msgs__rosidl_typesupport_fastrtps_cExport.cmake
-- Installing: /home/mahmmudqatmh/arms_ros2_humble/ros2_ws/install/armrs_msgs/share/armrs_msgs/cmake/export_armrs_msgs__rosidl_typesupport_fastrtps_cExport-noconfig.cmake
-- Installing: /home/mahmmudqatmh/arms_ros2_humble/ros2_ws/install/armrs_msgs/share/armrs_msgs/cmake/export_armrs_msgs__rosidl_generator_cppExport.cmake
-- Installing: /home/mahmmudqatmh/arms_ros2_humble/ros2_ws/install/armrs_msgs/share/armrs_msgs/cmake/export_armrs_msgs__rosidl_typesupport_fastrtps_cppExport.cmake
-- Installing: /home/mahmmudqatmh/arms_ros2_humble/ros2_ws/install/armrs_msgs/share/armrs_msgs/cmake/export_armrs_msgs__rosidl_typesupport_fastrtps_cppExport-noconfig.cmake
-- Installing: /home/mahmmudqatmh/arms_ros2_humble/ros2_ws/install/armrs_msgs/share/armrs_msgs/cmake/armrs_msgs__rosidl_typesupport_introspection_cExport.cmake
-- Installing: /home/mahmmudqatmh/arms_ros2_humble/ros2_ws/install/armrs_msgs/share/armrs_msgs/cmake/armrs_msgs__rosidl_typesupport_introspection_cExport-noconfig.cmake
-- Installing: /home/mahmmudqatmh/arms_ros2_humble/ros2_ws/install/armrs_msgs/share/armrs_msgs/cmake/armrs_msgs__rosidl_typesupport_cExport.cmake
-- Installing: /home/mahmmudqatmh/arms_ros2_humble/ros2_ws/install/armrs_msgs/share/armrs_msgs/cmake/armrs_msgs__rosidl_typesupport_cExport-noconfig.cmake
-- Installing: /home/mahmmudqatmh/arms_ros2_humble/ros2_ws/install/armrs_msgs/share/armrs_msgs/cmake/armrs_msgs__rosidl_typesupport_introspection_cppExport.cmake
-- Installing: /home/mahmmudqatmh/arms_ros2_humble/ros2_ws/install/armrs_msgs/share/armrs_msgs/cmake/armrs_msgs__rosidl_typesupport_introspection_cppExport-noconfig.cmake
-- Installing: /home/mahmmudqatmh/arms_ros2_humble/ros2_ws/install/armrs_msgs/share/armrs_msgs/cmake/armrs_msgs__rosidl_typesupport_cppExport.cmake
-- Installing: /home/mahmmudqatmh/arms_ros2_humble/ros2_ws/install/armrs_msgs/share/armrs_msgs/cmake/armrs_msgs__rosidl_typesupport_cppExport-noconfig.cmake
-- Installing: /home/mahmmudqatmh/arms_ros2_humble/ros2_ws/install/armrs_msgs/share/armrs_msgs/cmake/export_armrs_msgs__rosidl_generator_pyExport.cmake
-- Installing: /home/mahmmudqatmh/arms_ros2_humble/ros2_ws/install/armrs_msgs/share/armrs_msgs/cmake/export_armrs_msgs__rosidl_generator_pyExport-noconfig.cmake
