[0.011s] Invoking command in '/home/mahmmudqatmh/arms_ros2_humble/ros2_ws/build/armrs_msgs': CMAKE_PREFIX_PATH=${CMAKE_PREFIX_PATH}:/home/mahmmudqatmh/arms_ros2_humble/ros2_ws/install/armrs_package:/opt/ros/humble /usr/bin/cmake /home/mahmmudqatmh/arms_ros2_humble/ros2_ws/src/armrs_msgs -DAMENT_CMAKE_SYMLINK_INSTALL=1 -DCMAKE_INSTALL_PREFIX=/home/mahmmudqatmh/arms_ros2_humble/ros2_ws/install/armrs_msgs
[0.051s] -- The C compiler identification is GNU 11.4.0
[0.092s] -- The CXX compiler identification is GNU 11.4.0
[0.097s] -- Detecting C compiler ABI info
[0.138s] -- Detecting C compiler ABI info - done
[0.145s] -- Check for working C compiler: /usr/bin/cc - skipped
[0.146s] -- Detecting C compile features
[0.146s] -- Detecting C compile features - done
[0.149s] -- Detecting CXX compiler ABI info
[0.202s] -- Detecting CXX compiler ABI info - done
[0.206s] -- Check for working CXX compiler: /usr/bin/c++ - skipped
[0.206s] -- Detecting CXX compile features
[0.207s] -- Detecting CXX compile features - done
[0.210s] -- Found ament_cmake: 1.3.14 (/opt/ros/humble/share/ament_cmake/cmake)
[0.333s] -- Found Python3: /usr/bin/python3 (found version "3.10.12") found components: Interpreter 
[0.377s] -- Override CMake install command with custom implementation using symlinks instead of copying resources
[0.395s] -- Found geometry_msgs: 4.9.1 (/opt/ros/humble/share/geometry_msgs/cmake)
[0.420s] -- Found rosidl_generator_c: 3.1.8 (/opt/ros/humble/share/rosidl_generator_c/cmake)
[0.423s] -- Found rosidl_adapter: 3.1.8 (/opt/ros/humble/share/rosidl_adapter/cmake)
[0.429s] -- Found rosidl_generator_cpp: 3.1.8 (/opt/ros/humble/share/rosidl_generator_cpp/cmake)
[0.440s] -- Using all available rosidl_typesupport_c: rosidl_typesupport_fastrtps_c;rosidl_typesupport_introspection_c
[0.451s] -- Using all available rosidl_typesupport_cpp: rosidl_typesupport_fastrtps_cpp;rosidl_typesupport_introspection_cpp
[0.475s] -- Found rosidl_default_generators: 1.2.1 (/opt/ros/humble/share/rosidl_default_generators/cmake)
[0.688s] -- Found ament_cmake_ros: 0.10.0 (/opt/ros/humble/share/ament_cmake_ros/cmake)
[1.010s] -- Using all available rosidl_typesupport_c: rosidl_typesupport_fastrtps_c;rosidl_typesupport_introspection_c
[1.127s] -- Using all available rosidl_typesupport_cpp: rosidl_typesupport_fastrtps_cpp;rosidl_typesupport_introspection_cpp
[1.144s] -- Found PythonInterp: /usr/bin/python3 (found suitable version "3.10.12", minimum required is "3.6") 
[1.145s] -- Found python_cmake_module: 0.10.0 (/opt/ros/humble/share/python_cmake_module/cmake)
[1.165s] -- Found PythonLibs: /usr/lib/x86_64-linux-gnu/libpython3.10.so (found suitable version "3.10.12", minimum required is "3.5") 
[1.165s] -- Using PYTHON_EXECUTABLE: /usr/bin/python3
[1.165s] -- Using PYTHON_INCLUDE_DIRS: /usr/include/python3.10
[1.165s] -- Using PYTHON_LIBRARIES: /usr/lib/x86_64-linux-gnu/libpython3.10.so
[1.179s] -- Found PythonExtra: .so  
[1.281s] -- Found ament_lint_auto: 0.12.15 (/opt/ros/humble/share/ament_lint_auto/cmake)
[1.296s] -- Added test 'lint_cmake' to check CMake code style
[1.299s] -- Added test 'xmllint' to check XML markup files
[1.301s] -- Configuring done
[1.322s] -- Generating done
[1.332s] -- Build files have been written to: /home/mahmmudqatmh/arms_ros2_humble/ros2_ws/build/armrs_msgs
[1.341s] Invoked command in '/home/mahmmudqatmh/arms_ros2_humble/ros2_ws/build/armrs_msgs' returned '0': CMAKE_PREFIX_PATH=${CMAKE_PREFIX_PATH}:/home/mahmmudqatmh/arms_ros2_humble/ros2_ws/install/armrs_package:/opt/ros/humble /usr/bin/cmake /home/mahmmudqatmh/arms_ros2_humble/ros2_ws/src/armrs_msgs -DAMENT_CMAKE_SYMLINK_INSTALL=1 -DCMAKE_INSTALL_PREFIX=/home/mahmmudqatmh/arms_ros2_humble/ros2_ws/install/armrs_msgs
[1.343s] Invoking command in '/home/mahmmudqatmh/arms_ros2_humble/ros2_ws/build/armrs_msgs': CMAKE_PREFIX_PATH=${CMAKE_PREFIX_PATH}:/home/mahmmudqatmh/arms_ros2_humble/ros2_ws/install/armrs_package:/opt/ros/humble /usr/bin/cmake --build /home/mahmmudqatmh/arms_ros2_humble/ros2_ws/build/armrs_msgs -- -j24 -l24
[1.373s] [  2%] [34m[1mGenerating C code for ROS interfaces[0m
[1.382s] [  5%] [34m[1mGenerating Rust code for ROS interfaces[0m
[1.382s] [  7%] [34m[1mGenerating C++ code for ROS interfaces[0m
[1.388s] [  7%] Built target ament_cmake_python_symlink_armrs_msgs
[1.574s] [  7%] Built target armrs_msgs__rs
[1.599s] [  7%] Built target armrs_msgs__cpp
[1.603s] running egg_info
[1.604s] creating armrs_msgs.egg-info
[1.605s] writing armrs_msgs.egg-info/PKG-INFO
[1.605s] writing dependency_links to armrs_msgs.egg-info/dependency_links.txt
[1.605s] writing top-level names to armrs_msgs.egg-info/top_level.txt
[1.605s] writing manifest file 'armrs_msgs.egg-info/SOURCES.txt'
[1.606s] [ 10%] [34m[1mGenerating C++ introspection for ROS interfaces[0m
[1.606s] [ 12%] [32mBuilding C object CMakeFiles/armrs_msgs__rosidl_generator_c.dir/rosidl_generator_c/armrs_msgs/msg/detail/state_exchange__functions.c.o[0m
[1.606s] reading manifest file 'armrs_msgs.egg-info/SOURCES.txt'
[1.606s] [ 15%] [32mBuilding C object CMakeFiles/armrs_msgs__rosidl_generator_c.dir/rosidl_generator_c/armrs_msgs/msg/detail/fleet_information__functions.c.o[0m
[1.607s] writing manifest file 'armrs_msgs.egg-info/SOURCES.txt'
[1.607s] [ 17%] [34m[1mGenerating C++ type support for eProsima Fast-RTPS[0m
[1.609s] [ 20%] [34m[1mGenerating C++ type support dispatch for ROS interfaces[0m
[1.628s] [ 20%] Built target ament_cmake_python_build_armrs_msgs_egg
[1.650s] [ 22%] [32m[1mLinking C shared library libarmrs_msgs__rosidl_generator_c.so[0m
[1.679s] [ 22%] Built target armrs_msgs__rosidl_generator_c
[1.686s] [ 25%] [34m[1mGenerating C type support for eProsima Fast-RTPS[0m
[1.687s] [ 27%] [34m[1mGenerating C type support dispatch for ROS interfaces[0m
[1.687s] [ 30%] [34m[1mGenerating C introspection for ROS interfaces[0m
[1.791s] [ 35%] [32mBuilding CXX object CMakeFiles/armrs_msgs__rosidl_typesupport_cpp.dir/rosidl_typesupport_cpp/armrs_msgs/msg/state_exchange__type_support.cpp.o[0m
[1.791s] [ 35%] [32mBuilding CXX object CMakeFiles/armrs_msgs__rosidl_typesupport_cpp.dir/rosidl_typesupport_cpp/armrs_msgs/msg/fleet_information__type_support.cpp.o[0m
[1.807s] [ 40%] [32mBuilding CXX object CMakeFiles/armrs_msgs__rosidl_typesupport_introspection_cpp.dir/rosidl_typesupport_introspection_cpp/armrs_msgs/msg/detail/state_exchange__type_support.cpp.o[0m
[1.807s] [ 40%] [32mBuilding CXX object CMakeFiles/armrs_msgs__rosidl_typesupport_introspection_cpp.dir/rosidl_typesupport_introspection_cpp/armrs_msgs/msg/detail/fleet_information__type_support.cpp.o[0m
[1.813s] [ 42%] [32mBuilding CXX object CMakeFiles/armrs_msgs__rosidl_typesupport_fastrtps_cpp.dir/rosidl_typesupport_fastrtps_cpp/armrs_msgs/msg/detail/dds_fastrtps/fleet_information__type_support.cpp.o[0m
[1.815s] [ 45%] [32mBuilding CXX object CMakeFiles/armrs_msgs__rosidl_typesupport_fastrtps_cpp.dir/rosidl_typesupport_fastrtps_cpp/armrs_msgs/msg/detail/dds_fastrtps/state_exchange__type_support.cpp.o[0m
[1.886s] [ 47%] [32mBuilding CXX object CMakeFiles/armrs_msgs__rosidl_typesupport_c.dir/rosidl_typesupport_c/armrs_msgs/msg/fleet_information__type_support.cpp.o[0m
[1.887s] [ 50%] [32mBuilding CXX object CMakeFiles/armrs_msgs__rosidl_typesupport_c.dir/rosidl_typesupport_c/armrs_msgs/msg/state_exchange__type_support.cpp.o[0m
[1.894s] [ 52%] [32mBuilding C object CMakeFiles/armrs_msgs__rosidl_typesupport_introspection_c.dir/rosidl_typesupport_introspection_c/armrs_msgs/msg/detail/state_exchange__type_support.c.o[0m
[1.896s] [ 55%] [32mBuilding C object CMakeFiles/armrs_msgs__rosidl_typesupport_introspection_c.dir/rosidl_typesupport_introspection_c/armrs_msgs/msg/detail/fleet_information__type_support.c.o[0m
[1.913s] [ 57%] [32m[1mLinking CXX shared library libarmrs_msgs__rosidl_typesupport_c.so[0m
[1.928s] [ 60%] [32m[1mLinking C shared library libarmrs_msgs__rosidl_typesupport_introspection_c.so[0m
[1.938s] [ 62%] [32mBuilding CXX object CMakeFiles/armrs_msgs__rosidl_typesupport_fastrtps_c.dir/rosidl_typesupport_fastrtps_c/armrs_msgs/msg/detail/state_exchange__type_support_c.cpp.o[0m
[1.939s] [ 65%] [32mBuilding CXX object CMakeFiles/armrs_msgs__rosidl_typesupport_fastrtps_c.dir/rosidl_typesupport_fastrtps_c/armrs_msgs/msg/detail/fleet_information__type_support_c.cpp.o[0m
[1.949s] [ 65%] Built target armrs_msgs__rosidl_typesupport_c
[1.956s] [ 65%] Built target armrs_msgs__rosidl_typesupport_introspection_c
[1.981s] [ 67%] [32m[1mLinking CXX shared library libarmrs_msgs__rosidl_typesupport_cpp.so[0m
[2.013s] [ 67%] Built target armrs_msgs__rosidl_typesupport_cpp
[2.098s] [ 70%] [32m[1mLinking CXX shared library libarmrs_msgs__rosidl_typesupport_fastrtps_cpp.so[0m
[2.119s] [ 72%] [32m[1mLinking CXX shared library libarmrs_msgs__rosidl_typesupport_introspection_cpp.so[0m
[2.149s] [ 75%] [32m[1mLinking CXX shared library libarmrs_msgs__rosidl_typesupport_fastrtps_c.so[0m
[2.150s] [ 75%] Built target armrs_msgs__rosidl_typesupport_fastrtps_cpp
[2.166s] [ 75%] Built target armrs_msgs__rosidl_typesupport_introspection_cpp
[2.197s] [ 75%] Built target armrs_msgs__rosidl_typesupport_fastrtps_c
[2.223s] [ 75%] Built target armrs_msgs
[2.265s] [ 77%] [34m[1mGenerating Python code for ROS interfaces[0m
[2.514s] [ 77%] Built target armrs_msgs__py
[2.534s] [ 80%] [32mBuilding C object CMakeFiles/armrs_msgs__rosidl_generator_py.dir/rosidl_generator_py/armrs_msgs/msg/_state_exchange_s.c.o[0m
[2.534s] [ 82%] [32mBuilding C object CMakeFiles/armrs_msgs__rosidl_generator_py.dir/rosidl_generator_py/armrs_msgs/msg/_fleet_information_s.c.o[0m
[2.596s] [ 85%] [32m[1mLinking C shared library rosidl_generator_py/armrs_msgs/libarmrs_msgs__rosidl_generator_py.so[0m
[2.653s] [ 85%] Built target armrs_msgs__rosidl_generator_py
[2.669s] [ 92%] [32mBuilding C object CMakeFiles/armrs_msgs__rosidl_typesupport_introspection_c__pyext.dir/rosidl_generator_py/armrs_msgs/_armrs_msgs_s.ep.rosidl_typesupport_introspection_c.c.o[0m
[2.669s] [ 92%] [32mBuilding C object CMakeFiles/armrs_msgs__rosidl_typesupport_c__pyext.dir/rosidl_generator_py/armrs_msgs/_armrs_msgs_s.ep.rosidl_typesupport_c.c.o[0m
[2.670s] [ 92%] [32mBuilding C object CMakeFiles/armrs_msgs__rosidl_typesupport_fastrtps_c__pyext.dir/rosidl_generator_py/armrs_msgs/_armrs_msgs_s.ep.rosidl_typesupport_fastrtps_c.c.o[0m
[2.724s] [ 95%] [32m[1mLinking C shared library rosidl_generator_py/armrs_msgs/armrs_msgs_s__rosidl_typesupport_fastrtps_c.cpython-310-x86_64-linux-gnu.so[0m
[2.724s] [ 97%] [32m[1mLinking C shared library rosidl_generator_py/armrs_msgs/armrs_msgs_s__rosidl_typesupport_introspection_c.cpython-310-x86_64-linux-gnu.so[0m
[2.725s] [100%] [32m[1mLinking C shared library rosidl_generator_py/armrs_msgs/armrs_msgs_s__rosidl_typesupport_c.cpython-310-x86_64-linux-gnu.so[0m
[2.752s] [100%] Built target armrs_msgs__rosidl_typesupport_c__pyext
[2.755s] [100%] Built target armrs_msgs__rosidl_typesupport_introspection_c__pyext
[2.755s] [100%] Built target armrs_msgs__rosidl_typesupport_fastrtps_c__pyext
[2.763s] Invoked command in '/home/mahmmudqatmh/arms_ros2_humble/ros2_ws/build/armrs_msgs' returned '0': CMAKE_PREFIX_PATH=${CMAKE_PREFIX_PATH}:/home/mahmmudqatmh/arms_ros2_humble/ros2_ws/install/armrs_package:/opt/ros/humble /usr/bin/cmake --build /home/mahmmudqatmh/arms_ros2_humble/ros2_ws/build/armrs_msgs -- -j24 -l24
[2.768s] Invoking command in '/home/mahmmudqatmh/arms_ros2_humble/ros2_ws/build/armrs_msgs': CMAKE_PREFIX_PATH=${CMAKE_PREFIX_PATH}:/home/mahmmudqatmh/arms_ros2_humble/ros2_ws/install/armrs_package:/opt/ros/humble /usr/bin/cmake --install /home/mahmmudqatmh/arms_ros2_humble/ros2_ws/build/armrs_msgs
[2.775s] -- Install configuration: ""
[2.776s] -- Execute custom install script
[2.776s] -- Symlinking: /home/mahmmudqatmh/arms_ros2_humble/ros2_ws/install/armrs_msgs/share/ament_index/resource_index/rosidl_interfaces/armrs_msgs
[2.783s] -- Symlinking: /home/mahmmudqatmh/arms_ros2_humble/ros2_ws/install/armrs_msgs/include/armrs_msgs/armrs_msgs/msg/detail/fleet_information__functions.h
[2.790s] -- Symlinking: /home/mahmmudqatmh/arms_ros2_humble/ros2_ws/install/armrs_msgs/include/armrs_msgs/armrs_msgs/msg/detail/fleet_information__struct.h
[2.798s] -- Symlinking: /home/mahmmudqatmh/arms_ros2_humble/ros2_ws/install/armrs_msgs/include/armrs_msgs/armrs_msgs/msg/detail/fleet_information__type_support.h
[2.807s] -- Symlinking: /home/mahmmudqatmh/arms_ros2_humble/ros2_ws/install/armrs_msgs/include/armrs_msgs/armrs_msgs/msg/detail/state_exchange__functions.h
[2.823s] -- Symlinking: /home/mahmmudqatmh/arms_ros2_humble/ros2_ws/install/armrs_msgs/include/armrs_msgs/armrs_msgs/msg/detail/state_exchange__struct.h
[2.843s] -- Symlinking: /home/mahmmudqatmh/arms_ros2_humble/ros2_ws/install/armrs_msgs/include/armrs_msgs/armrs_msgs/msg/detail/state_exchange__type_support.h
[2.863s] -- Symlinking: /home/mahmmudqatmh/arms_ros2_humble/ros2_ws/install/armrs_msgs/include/armrs_msgs/armrs_msgs/msg/fleet_information.h
[2.876s] -- Symlinking: /home/mahmmudqatmh/arms_ros2_humble/ros2_ws/install/armrs_msgs/include/armrs_msgs/armrs_msgs/msg/rosidl_generator_c__visibility_control.h
[2.885s] -- Symlinking: /home/mahmmudqatmh/arms_ros2_humble/ros2_ws/install/armrs_msgs/include/armrs_msgs/armrs_msgs/msg/state_exchange.h
[2.891s] -- Symlinking: /home/mahmmudqatmh/arms_ros2_humble/ros2_ws/install/armrs_msgs/share/armrs_msgs/environment/library_path.sh
[2.896s] -- Symlinking: /home/mahmmudqatmh/arms_ros2_humble/ros2_ws/install/armrs_msgs/share/armrs_msgs/environment/library_path.dsv
[2.902s] -- Symlinking: /home/mahmmudqatmh/arms_ros2_humble/ros2_ws/install/armrs_msgs/include/armrs_msgs/armrs_msgs/msg/detail/fleet_information__rosidl_typesupport_fastrtps_c.h
[2.907s] -- Symlinking: /home/mahmmudqatmh/arms_ros2_humble/ros2_ws/install/armrs_msgs/include/armrs_msgs/armrs_msgs/msg/detail/state_exchange__rosidl_typesupport_fastrtps_c.h
[2.912s] -- Symlinking: /home/mahmmudqatmh/arms_ros2_humble/ros2_ws/install/armrs_msgs/include/armrs_msgs/armrs_msgs/msg/rosidl_typesupport_fastrtps_c__visibility_control.h
[2.922s] -- Symlinking: /home/mahmmudqatmh/arms_ros2_humble/ros2_ws/install/armrs_msgs/include/armrs_msgs/armrs_msgs/msg/detail/fleet_information__builder.hpp
[2.935s] -- Symlinking: /home/mahmmudqatmh/arms_ros2_humble/ros2_ws/install/armrs_msgs/include/armrs_msgs/armrs_msgs/msg/detail/fleet_information__struct.hpp
[2.944s] -- Symlinking: /home/mahmmudqatmh/arms_ros2_humble/ros2_ws/install/armrs_msgs/include/armrs_msgs/armrs_msgs/msg/detail/fleet_information__traits.hpp
[2.951s] -- Symlinking: /home/mahmmudqatmh/arms_ros2_humble/ros2_ws/install/armrs_msgs/include/armrs_msgs/armrs_msgs/msg/detail/fleet_information__type_support.hpp
[2.957s] -- Symlinking: /home/mahmmudqatmh/arms_ros2_humble/ros2_ws/install/armrs_msgs/include/armrs_msgs/armrs_msgs/msg/detail/state_exchange__builder.hpp
[2.964s] -- Symlinking: /home/mahmmudqatmh/arms_ros2_humble/ros2_ws/install/armrs_msgs/include/armrs_msgs/armrs_msgs/msg/detail/state_exchange__struct.hpp
[2.971s] -- Symlinking: /home/mahmmudqatmh/arms_ros2_humble/ros2_ws/install/armrs_msgs/include/armrs_msgs/armrs_msgs/msg/detail/state_exchange__traits.hpp
[2.976s] -- Symlinking: /home/mahmmudqatmh/arms_ros2_humble/ros2_ws/install/armrs_msgs/include/armrs_msgs/armrs_msgs/msg/detail/state_exchange__type_support.hpp
[2.982s] -- Symlinking: /home/mahmmudqatmh/arms_ros2_humble/ros2_ws/install/armrs_msgs/include/armrs_msgs/armrs_msgs/msg/fleet_information.hpp
[2.989s] -- Symlinking: /home/mahmmudqatmh/arms_ros2_humble/ros2_ws/install/armrs_msgs/include/armrs_msgs/armrs_msgs/msg/rosidl_generator_cpp__visibility_control.hpp
[2.998s] -- Symlinking: /home/mahmmudqatmh/arms_ros2_humble/ros2_ws/install/armrs_msgs/include/armrs_msgs/armrs_msgs/msg/state_exchange.hpp
[3.011s] -- Symlinking: /home/mahmmudqatmh/arms_ros2_humble/ros2_ws/install/armrs_msgs/include/armrs_msgs/armrs_msgs/msg/detail/fleet_information__rosidl_typesupport_fastrtps_cpp.hpp
[3.026s] -- Symlinking: /home/mahmmudqatmh/arms_ros2_humble/ros2_ws/install/armrs_msgs/include/armrs_msgs/armrs_msgs/msg/detail/state_exchange__rosidl_typesupport_fastrtps_cpp.hpp
[3.048s] -- Symlinking: /home/mahmmudqatmh/arms_ros2_humble/ros2_ws/install/armrs_msgs/include/armrs_msgs/armrs_msgs/msg/rosidl_typesupport_fastrtps_cpp__visibility_control.h
[3.071s] -- Symlinking: /home/mahmmudqatmh/arms_ros2_humble/ros2_ws/install/armrs_msgs/include/armrs_msgs/armrs_msgs/msg/detail/fleet_information__rosidl_typesupport_introspection_c.h
[3.085s] -- Symlinking: /home/mahmmudqatmh/arms_ros2_humble/ros2_ws/install/armrs_msgs/include/armrs_msgs/armrs_msgs/msg/detail/state_exchange__rosidl_typesupport_introspection_c.h
[3.092s] -- Symlinking: /home/mahmmudqatmh/arms_ros2_humble/ros2_ws/install/armrs_msgs/include/armrs_msgs/armrs_msgs/msg/rosidl_typesupport_introspection_c__visibility_control.h
[3.097s] -- Symlinking: /home/mahmmudqatmh/arms_ros2_humble/ros2_ws/install/armrs_msgs/include/armrs_msgs/armrs_msgs/msg/detail/fleet_information__rosidl_typesupport_introspection_cpp.hpp
[3.104s] -- Symlinking: /home/mahmmudqatmh/arms_ros2_humble/ros2_ws/install/armrs_msgs/include/armrs_msgs/armrs_msgs/msg/detail/state_exchange__rosidl_typesupport_introspection_cpp.hpp
[3.110s] -- Symlinking: /home/mahmmudqatmh/arms_ros2_humble/ros2_ws/install/armrs_msgs/share/armrs_msgs/environment/pythonpath.sh
[3.118s] -- Symlinking: /home/mahmmudqatmh/arms_ros2_humble/ros2_ws/install/armrs_msgs/share/armrs_msgs/environment/pythonpath.dsv
[3.131s] -- Symlinking: /home/mahmmudqatmh/arms_ros2_humble/ros2_ws/install/armrs_msgs/local/lib/python3.10/dist-packages/armrs_msgs-0.0.0-py3.10.egg-info/PKG-INFO
[3.141s] -- Symlinking: /home/mahmmudqatmh/arms_ros2_humble/ros2_ws/install/armrs_msgs/local/lib/python3.10/dist-packages/armrs_msgs-0.0.0-py3.10.egg-info/SOURCES.txt
[3.149s] -- Symlinking: /home/mahmmudqatmh/arms_ros2_humble/ros2_ws/install/armrs_msgs/local/lib/python3.10/dist-packages/armrs_msgs-0.0.0-py3.10.egg-info/dependency_links.txt
[3.154s] -- Symlinking: /home/mahmmudqatmh/arms_ros2_humble/ros2_ws/install/armrs_msgs/local/lib/python3.10/dist-packages/armrs_msgs-0.0.0-py3.10.egg-info/top_level.txt
[3.160s] -- Symlinking: /home/mahmmudqatmh/arms_ros2_humble/ros2_ws/install/armrs_msgs/local/lib/python3.10/dist-packages/armrs_msgs/__init__.py
[3.166s] -- Symlinking: /home/mahmmudqatmh/arms_ros2_humble/ros2_ws/install/armrs_msgs/local/lib/python3.10/dist-packages/armrs_msgs/_armrs_msgs_s.ep.rosidl_typesupport_c.c
[3.171s] -- Symlinking: /home/mahmmudqatmh/arms_ros2_humble/ros2_ws/install/armrs_msgs/local/lib/python3.10/dist-packages/armrs_msgs/_armrs_msgs_s.ep.rosidl_typesupport_fastrtps_c.c
[3.176s] -- Symlinking: /home/mahmmudqatmh/arms_ros2_humble/ros2_ws/install/armrs_msgs/local/lib/python3.10/dist-packages/armrs_msgs/_armrs_msgs_s.ep.rosidl_typesupport_introspection_c.c
[3.182s] -- Symlinking: /home/mahmmudqatmh/arms_ros2_humble/ros2_ws/install/armrs_msgs/local/lib/python3.10/dist-packages/armrs_msgs/armrs_msgs_s__rosidl_typesupport_c.cpython-310-x86_64-linux-gnu.so
[3.190s] -- Symlinking: /home/mahmmudqatmh/arms_ros2_humble/ros2_ws/install/armrs_msgs/local/lib/python3.10/dist-packages/armrs_msgs/armrs_msgs_s__rosidl_typesupport_fastrtps_c.cpython-310-x86_64-linux-gnu.so
[3.200s] -- Symlinking: /home/mahmmudqatmh/arms_ros2_humble/ros2_ws/install/armrs_msgs/local/lib/python3.10/dist-packages/armrs_msgs/armrs_msgs_s__rosidl_typesupport_introspection_c.cpython-310-x86_64-linux-gnu.so
[3.210s] -- Symlinking: /home/mahmmudqatmh/arms_ros2_humble/ros2_ws/install/armrs_msgs/local/lib/python3.10/dist-packages/armrs_msgs/libarmrs_msgs__rosidl_generator_py.so
[3.226s] -- Symlinking: /home/mahmmudqatmh/arms_ros2_humble/ros2_ws/install/armrs_msgs/local/lib/python3.10/dist-packages/armrs_msgs/msg/__init__.py
[3.249s] -- Symlinking: /home/mahmmudqatmh/arms_ros2_humble/ros2_ws/install/armrs_msgs/local/lib/python3.10/dist-packages/armrs_msgs/msg/_fleet_information.py
[3.266s] -- Symlinking: /home/mahmmudqatmh/arms_ros2_humble/ros2_ws/install/armrs_msgs/local/lib/python3.10/dist-packages/armrs_msgs/msg/_fleet_information_s.c
[3.278s] -- Symlinking: /home/mahmmudqatmh/arms_ros2_humble/ros2_ws/install/armrs_msgs/local/lib/python3.10/dist-packages/armrs_msgs/msg/_state_exchange.py
[3.286s] -- Symlinking: /home/mahmmudqatmh/arms_ros2_humble/ros2_ws/install/armrs_msgs/local/lib/python3.10/dist-packages/armrs_msgs/msg/_state_exchange_s.c
[3.293s] -- Up-to-date symlink: /home/mahmmudqatmh/arms_ros2_humble/ros2_ws/install/armrs_msgs/local/lib/python3.10/dist-packages/armrs_msgs/armrs_msgs_s__rosidl_typesupport_fastrtps_c.cpython-310-x86_64-linux-gnu.so
[3.293s] -- Up-to-date symlink: /home/mahmmudqatmh/arms_ros2_humble/ros2_ws/install/armrs_msgs/local/lib/python3.10/dist-packages/armrs_msgs/armrs_msgs_s__rosidl_typesupport_introspection_c.cpython-310-x86_64-linux-gnu.so
[3.293s] -- Up-to-date symlink: /home/mahmmudqatmh/arms_ros2_humble/ros2_ws/install/armrs_msgs/local/lib/python3.10/dist-packages/armrs_msgs/armrs_msgs_s__rosidl_typesupport_c.cpython-310-x86_64-linux-gnu.so
[3.293s] -- Symlinking: /home/mahmmudqatmh/arms_ros2_humble/ros2_ws/install/armrs_msgs/share/ament_index/resource_index/rust_packages/armrs_msgs
[3.298s] -- Symlinking: /home/mahmmudqatmh/arms_ros2_humble/ros2_ws/install/armrs_msgs/share/armrs_msgs/rust/Cargo.toml
[3.304s] -- Symlinking: /home/mahmmudqatmh/arms_ros2_humble/ros2_ws/install/armrs_msgs/share/armrs_msgs/rust/build.rs
[3.309s] -- Symlinking: /home/mahmmudqatmh/arms_ros2_humble/ros2_ws/install/armrs_msgs/share/armrs_msgs/rust/src/lib.rs
[3.314s] -- Symlinking: /home/mahmmudqatmh/arms_ros2_humble/ros2_ws/install/armrs_msgs/share/armrs_msgs/rust/src/msg.rs
[3.328s] -- Symlinking: /home/mahmmudqatmh/arms_ros2_humble/ros2_ws/install/armrs_msgs/share/armrs_msgs/rust/src/msg/rmw.rs
[3.340s] -- Symlinking: /home/mahmmudqatmh/arms_ros2_humble/ros2_ws/install/armrs_msgs/share/armrs_msgs/msg/StateExchange.idl
[3.349s] -- Symlinking: /home/mahmmudqatmh/arms_ros2_humble/ros2_ws/install/armrs_msgs/share/armrs_msgs/msg/FleetInformation.idl
[3.361s] -- Symlinking: /home/mahmmudqatmh/arms_ros2_humble/ros2_ws/install/armrs_msgs/share/armrs_msgs/msg/StateExchange.msg
[3.367s] -- Symlinking: /home/mahmmudqatmh/arms_ros2_humble/ros2_ws/install/armrs_msgs/share/armrs_msgs/msg/FleetInformation.msg
[3.372s] -- Symlinking: /home/mahmmudqatmh/arms_ros2_humble/ros2_ws/install/armrs_msgs/share/ament_index/resource_index/package_run_dependencies/armrs_msgs
[3.377s] -- Symlinking: /home/mahmmudqatmh/arms_ros2_humble/ros2_ws/install/armrs_msgs/share/ament_index/resource_index/parent_prefix_path/armrs_msgs
[3.382s] -- Symlinking: /home/mahmmudqatmh/arms_ros2_humble/ros2_ws/install/armrs_msgs/share/armrs_msgs/environment/ament_prefix_path.sh
[3.389s] -- Symlinking: /home/mahmmudqatmh/arms_ros2_humble/ros2_ws/install/armrs_msgs/share/armrs_msgs/environment/ament_prefix_path.dsv
[3.395s] -- Symlinking: /home/mahmmudqatmh/arms_ros2_humble/ros2_ws/install/armrs_msgs/share/armrs_msgs/environment/path.sh
[3.400s] -- Symlinking: /home/mahmmudqatmh/arms_ros2_humble/ros2_ws/install/armrs_msgs/share/armrs_msgs/environment/path.dsv
[3.405s] -- Symlinking: /home/mahmmudqatmh/arms_ros2_humble/ros2_ws/install/armrs_msgs/share/armrs_msgs/local_setup.bash
[3.410s] -- Symlinking: /home/mahmmudqatmh/arms_ros2_humble/ros2_ws/install/armrs_msgs/share/armrs_msgs/local_setup.sh
[3.416s] -- Symlinking: /home/mahmmudqatmh/arms_ros2_humble/ros2_ws/install/armrs_msgs/share/armrs_msgs/local_setup.zsh
[3.430s] -- Symlinking: /home/mahmmudqatmh/arms_ros2_humble/ros2_ws/install/armrs_msgs/share/armrs_msgs/local_setup.dsv
[3.447s] -- Symlinking: /home/mahmmudqatmh/arms_ros2_humble/ros2_ws/install/armrs_msgs/share/armrs_msgs/package.dsv
[3.469s] -- Symlinking: /home/mahmmudqatmh/arms_ros2_humble/ros2_ws/install/armrs_msgs/share/ament_index/resource_index/packages/armrs_msgs
[3.483s] -- Symlinking: /home/mahmmudqatmh/arms_ros2_humble/ros2_ws/install/armrs_msgs/share/armrs_msgs/cmake/rosidl_cmake-extras.cmake
[3.490s] -- Symlinking: /home/mahmmudqatmh/arms_ros2_humble/ros2_ws/install/armrs_msgs/share/armrs_msgs/cmake/ament_cmake_export_dependencies-extras.cmake
[3.495s] -- Symlinking: /home/mahmmudqatmh/arms_ros2_humble/ros2_ws/install/armrs_msgs/share/armrs_msgs/cmake/ament_cmake_export_include_directories-extras.cmake
[3.501s] -- Symlinking: /home/mahmmudqatmh/arms_ros2_humble/ros2_ws/install/armrs_msgs/share/armrs_msgs/cmake/ament_cmake_export_libraries-extras.cmake
[3.506s] -- Symlinking: /home/mahmmudqatmh/arms_ros2_humble/ros2_ws/install/armrs_msgs/share/armrs_msgs/cmake/ament_cmake_export_targets-extras.cmake
[3.512s] -- Symlinking: /home/mahmmudqatmh/arms_ros2_humble/ros2_ws/install/armrs_msgs/share/armrs_msgs/cmake/rosidl_cmake_export_typesupport_targets-extras.cmake
[3.526s] -- Symlinking: /home/mahmmudqatmh/arms_ros2_humble/ros2_ws/install/armrs_msgs/share/armrs_msgs/cmake/rosidl_cmake_export_typesupport_libraries-extras.cmake
[3.544s] -- Symlinking: /home/mahmmudqatmh/arms_ros2_humble/ros2_ws/install/armrs_msgs/share/armrs_msgs/cmake/armrs_msgsConfig.cmake
[3.558s] -- Symlinking: /home/mahmmudqatmh/arms_ros2_humble/ros2_ws/install/armrs_msgs/share/armrs_msgs/cmake/armrs_msgsConfig-version.cmake
[3.571s] -- Symlinking: /home/mahmmudqatmh/arms_ros2_humble/ros2_ws/install/armrs_msgs/share/armrs_msgs/package.xml
[3.579s] -- Installing: /home/mahmmudqatmh/arms_ros2_humble/ros2_ws/install/armrs_msgs/lib/libarmrs_msgs__rosidl_generator_c.so
[3.580s] -- Set runtime path of "/home/mahmmudqatmh/arms_ros2_humble/ros2_ws/install/armrs_msgs/lib/libarmrs_msgs__rosidl_generator_c.so" to ""
[3.580s] -- Installing: /home/mahmmudqatmh/arms_ros2_humble/ros2_ws/install/armrs_msgs/lib/libarmrs_msgs__rosidl_typesupport_fastrtps_c.so
[3.580s] -- Set runtime path of "/home/mahmmudqatmh/arms_ros2_humble/ros2_ws/install/armrs_msgs/lib/libarmrs_msgs__rosidl_typesupport_fastrtps_c.so" to ""
[3.580s] -- Installing: /home/mahmmudqatmh/arms_ros2_humble/ros2_ws/install/armrs_msgs/lib/libarmrs_msgs__rosidl_typesupport_fastrtps_cpp.so
[3.580s] -- Set runtime path of "/home/mahmmudqatmh/arms_ros2_humble/ros2_ws/install/armrs_msgs/lib/libarmrs_msgs__rosidl_typesupport_fastrtps_cpp.so" to ""
[3.580s] -- Installing: /home/mahmmudqatmh/arms_ros2_humble/ros2_ws/install/armrs_msgs/lib/libarmrs_msgs__rosidl_typesupport_introspection_c.so
[3.581s] -- Set runtime path of "/home/mahmmudqatmh/arms_ros2_humble/ros2_ws/install/armrs_msgs/lib/libarmrs_msgs__rosidl_typesupport_introspection_c.so" to ""
[3.581s] -- Installing: /home/mahmmudqatmh/arms_ros2_humble/ros2_ws/install/armrs_msgs/lib/libarmrs_msgs__rosidl_typesupport_c.so
[3.581s] -- Set runtime path of "/home/mahmmudqatmh/arms_ros2_humble/ros2_ws/install/armrs_msgs/lib/libarmrs_msgs__rosidl_typesupport_c.so" to ""
[3.581s] -- Installing: /home/mahmmudqatmh/arms_ros2_humble/ros2_ws/install/armrs_msgs/lib/libarmrs_msgs__rosidl_typesupport_introspection_cpp.so
[3.581s] -- Set runtime path of "/home/mahmmudqatmh/arms_ros2_humble/ros2_ws/install/armrs_msgs/lib/libarmrs_msgs__rosidl_typesupport_introspection_cpp.so" to ""
[3.581s] -- Installing: /home/mahmmudqatmh/arms_ros2_humble/ros2_ws/install/armrs_msgs/lib/libarmrs_msgs__rosidl_typesupport_cpp.so
[3.581s] -- Set runtime path of "/home/mahmmudqatmh/arms_ros2_humble/ros2_ws/install/armrs_msgs/lib/libarmrs_msgs__rosidl_typesupport_cpp.so" to ""
[3.605s] Listing '/home/mahmmudqatmh/arms_ros2_humble/ros2_ws/install/armrs_msgs/local/lib/python3.10/dist-packages/armrs_msgs'...
[3.605s] Compiling '/home/mahmmudqatmh/arms_ros2_humble/ros2_ws/install/armrs_msgs/local/lib/python3.10/dist-packages/armrs_msgs/__init__.py'...
[3.605s] Listing '/home/mahmmudqatmh/arms_ros2_humble/ros2_ws/install/armrs_msgs/local/lib/python3.10/dist-packages/armrs_msgs/msg'...
[3.605s] Compiling '/home/mahmmudqatmh/arms_ros2_humble/ros2_ws/install/armrs_msgs/local/lib/python3.10/dist-packages/armrs_msgs/msg/__init__.py'...
[3.605s] Compiling '/home/mahmmudqatmh/arms_ros2_humble/ros2_ws/install/armrs_msgs/local/lib/python3.10/dist-packages/armrs_msgs/msg/_fleet_information.py'...
[3.605s] Compiling '/home/mahmmudqatmh/arms_ros2_humble/ros2_ws/install/armrs_msgs/local/lib/python3.10/dist-packages/armrs_msgs/msg/_state_exchange.py'...
[3.608s] -- Installing: /home/mahmmudqatmh/arms_ros2_humble/ros2_ws/install/armrs_msgs/lib/libarmrs_msgs__rosidl_generator_py.so
[3.608s] -- Set runtime path of "/home/mahmmudqatmh/arms_ros2_humble/ros2_ws/install/armrs_msgs/lib/libarmrs_msgs__rosidl_generator_py.so" to ""
[3.608s] -- Installing: /home/mahmmudqatmh/arms_ros2_humble/ros2_ws/install/armrs_msgs/share/armrs_msgs/cmake/export_armrs_msgs__rosidl_generator_cExport.cmake
[3.608s] -- Installing: /home/mahmmudqatmh/arms_ros2_humble/ros2_ws/install/armrs_msgs/share/armrs_msgs/cmake/export_armrs_msgs__rosidl_generator_cExport-noconfig.cmake
[3.608s] -- Installing: /home/mahmmudqatmh/arms_ros2_humble/ros2_ws/install/armrs_msgs/share/armrs_msgs/cmake/export_armrs_msgs__rosidl_typesupport_fastrtps_cExport.cmake
[3.608s] -- Installing: /home/mahmmudqatmh/arms_ros2_humble/ros2_ws/install/armrs_msgs/share/armrs_msgs/cmake/export_armrs_msgs__rosidl_typesupport_fastrtps_cExport-noconfig.cmake
[3.608s] -- Installing: /home/mahmmudqatmh/arms_ros2_humble/ros2_ws/install/armrs_msgs/share/armrs_msgs/cmake/export_armrs_msgs__rosidl_generator_cppExport.cmake
[3.608s] -- Installing: /home/mahmmudqatmh/arms_ros2_humble/ros2_ws/install/armrs_msgs/share/armrs_msgs/cmake/export_armrs_msgs__rosidl_typesupport_fastrtps_cppExport.cmake
[3.608s] -- Installing: /home/mahmmudqatmh/arms_ros2_humble/ros2_ws/install/armrs_msgs/share/armrs_msgs/cmake/export_armrs_msgs__rosidl_typesupport_fastrtps_cppExport-noconfig.cmake
[3.608s] -- Installing: /home/mahmmudqatmh/arms_ros2_humble/ros2_ws/install/armrs_msgs/share/armrs_msgs/cmake/armrs_msgs__rosidl_typesupport_introspection_cExport.cmake
[3.608s] -- Installing: /home/mahmmudqatmh/arms_ros2_humble/ros2_ws/install/armrs_msgs/share/armrs_msgs/cmake/armrs_msgs__rosidl_typesupport_introspection_cExport-noconfig.cmake
[3.608s] -- Installing: /home/mahmmudqatmh/arms_ros2_humble/ros2_ws/install/armrs_msgs/share/armrs_msgs/cmake/armrs_msgs__rosidl_typesupport_cExport.cmake
[3.608s] -- Installing: /home/mahmmudqatmh/arms_ros2_humble/ros2_ws/install/armrs_msgs/share/armrs_msgs/cmake/armrs_msgs__rosidl_typesupport_cExport-noconfig.cmake
[3.608s] -- Installing: /home/mahmmudqatmh/arms_ros2_humble/ros2_ws/install/armrs_msgs/share/armrs_msgs/cmake/armrs_msgs__rosidl_typesupport_introspection_cppExport.cmake
[3.608s] -- Installing: /home/mahmmudqatmh/arms_ros2_humble/ros2_ws/install/armrs_msgs/share/armrs_msgs/cmake/armrs_msgs__rosidl_typesupport_introspection_cppExport-noconfig.cmake
[3.608s] -- Installing: /home/mahmmudqatmh/arms_ros2_humble/ros2_ws/install/armrs_msgs/share/armrs_msgs/cmake/armrs_msgs__rosidl_typesupport_cppExport.cmake
[3.608s] -- Installing: /home/mahmmudqatmh/arms_ros2_humble/ros2_ws/install/armrs_msgs/share/armrs_msgs/cmake/armrs_msgs__rosidl_typesupport_cppExport-noconfig.cmake
[3.608s] -- Installing: /home/mahmmudqatmh/arms_ros2_humble/ros2_ws/install/armrs_msgs/share/armrs_msgs/cmake/export_armrs_msgs__rosidl_generator_pyExport.cmake
[3.608s] -- Installing: /home/mahmmudqatmh/arms_ros2_humble/ros2_ws/install/armrs_msgs/share/armrs_msgs/cmake/export_armrs_msgs__rosidl_generator_pyExport-noconfig.cmake
[3.610s] Invoked command in '/home/mahmmudqatmh/arms_ros2_humble/ros2_ws/build/armrs_msgs' returned '0': CMAKE_PREFIX_PATH=${CMAKE_PREFIX_PATH}:/home/mahmmudqatmh/arms_ros2_humble/ros2_ws/install/armrs_package:/opt/ros/humble /usr/bin/cmake --install /home/mahmmudqatmh/arms_ros2_humble/ros2_ws/build/armrs_msgs
