[0.377s] Invoking command in '/home/mahmmudqatmh/arms_ros2_humble/ros2_ws/build/armrs_package': PYTHONPATH=/home/mahmmudqatmh/arms_ros2_humble/ros2_ws/build/armrs_package/prefix_override:/usr/lib/python3/dist-packages/colcon_core/task/python/colcon_distutils_commands:/home/mahmmudqatmh/arms_ros2_humble/ros2_ws/install/armrs_package/lib/python3.10/site-packages:${PYTHONPATH} /usr/bin/python3 -W ignore:setup.py install is deprecated -W ignore:easy_install command is deprecated setup.py develop --editable --build-directory /home/mahmmudqatmh/arms_ros2_humble/ros2_ws/build/armrs_package/build --no-deps symlink_data
[0.550s] running develop
[0.591s] /usr/lib/python3/dist-packages/pkg_resources/__init__.py:116: PkgResourcesDeprecationWarning: -VERSION- is an invalid version and will not be supported in a future release
[0.591s]   warnings.warn(
[0.668s] running egg_info
[0.668s] writing armrs_package.egg-info/PKG-INFO
[0.668s] writing dependency_links to armrs_package.egg-info/dependency_links.txt
[0.668s] writing entry points to armrs_package.egg-info/entry_points.txt
[0.668s] writing requirements to armrs_package.egg-info/requires.txt
[0.668s] writing top-level names to armrs_package.egg-info/top_level.txt
[0.670s] reading manifest file 'armrs_package.egg-info/SOURCES.txt'
[0.670s] writing manifest file 'armrs_package.egg-info/SOURCES.txt'
[0.671s] running build_ext
[0.671s] Creating /home/mahmmudqatmh/arms_ros2_humble/ros2_ws/install/armrs_package/lib/python3.10/site-packages/armrs-package.egg-link (link to .)
[0.671s] Installing ROS2_controller script to /home/mahmmudqatmh/arms_ros2_humble/ros2_ws/install/armrs_package/lib/armrs_package
[0.671s] Installing ROS2_dist_controller script to /home/mahmmudqatmh/arms_ros2_humble/ros2_ws/install/armrs_package/lib/armrs_package
[0.671s] Installing ROS2_fleet_evaluator script to /home/mahmmudqatmh/arms_ros2_humble/ros2_ws/install/armrs_package/lib/armrs_package
[0.671s] Installing ROS2_sensors script to /home/mahmmudqatmh/arms_ros2_humble/ros2_ws/install/armrs_package/lib/armrs_package
[0.671s] Installing ROS2_sim script to /home/mahmmudqatmh/arms_ros2_humble/ros2_ws/install/armrs_package/lib/armrs_package
[0.671s] Installing ROS2_visualizer script to /home/mahmmudqatmh/arms_ros2_humble/ros2_ws/install/armrs_package/lib/armrs_package
[0.672s] 
[0.672s] Installed /home/mahmmudqatmh/arms_ros2_humble/ros2_ws/build/armrs_package
[0.672s] running symlink_data
[0.687s] Invoked command in '/home/mahmmudqatmh/arms_ros2_humble/ros2_ws/build/armrs_package' returned '0': PYTHONPATH=/home/mahmmudqatmh/arms_ros2_humble/ros2_ws/build/armrs_package/prefix_override:/usr/lib/python3/dist-packages/colcon_core/task/python/colcon_distutils_commands:/home/mahmmudqatmh/arms_ros2_humble/ros2_ws/install/armrs_package/lib/python3.10/site-packages:${PYTHONPATH} /usr/bin/python3 -W ignore:setup.py install is deprecated -W ignore:easy_install command is deprecated setup.py develop --editable --build-directory /home/mahmmudqatmh/arms_ros2_humble/ros2_ws/build/armrs_package/build --no-deps symlink_data
