running develop
running egg_info
creating armrs_package.egg-info
writing armrs_package.egg-info/PKG-INFO
writing dependency_links to armrs_package.egg-info/dependency_links.txt
writing entry points to armrs_package.egg-info/entry_points.txt
writing requirements to armrs_package.egg-info/requires.txt
writing top-level names to armrs_package.egg-info/top_level.txt
writing manifest file 'armrs_package.egg-info/SOURCES.txt'
reading manifest file 'armrs_package.egg-info/SOURCES.txt'
writing manifest file 'armrs_package.egg-info/SOURCES.txt'
running build_ext
Creating /home/mahmmudqatmh/arms_ros2_humble/ros2_ws/install/armrs_package/lib/python3.10/site-packages/armrs-package.egg-link (link to .)
Installing ROS2_controller script to /home/mahmmudqatmh/arms_ros2_humble/ros2_ws/install/armrs_package/lib/armrs_package
Installing ROS2_dist_controller script to /home/mahmmudqatmh/arms_ros2_humble/ros2_ws/install/armrs_package/lib/armrs_package
Installing ROS2_fleet_evaluator script to /home/mahmmudqatmh/arms_ros2_humble/ros2_ws/install/armrs_package/lib/armrs_package
Installing ROS2_sensors script to /home/mahmmudqatmh/arms_ros2_humble/ros2_ws/install/armrs_package/lib/armrs_package
Installing ROS2_sim script to /home/mahmmudqatmh/arms_ros2_humble/ros2_ws/install/armrs_package/lib/armrs_package
Installing ROS2_visualizer script to /home/mahmmudqatmh/arms_ros2_humble/ros2_ws/install/armrs_package/lib/armrs_package

Installed /home/mahmmudqatmh/arms_ros2_humble/ros2_ws/build/armrs_package
running symlink_data
creating /home/mahmmudqatmh/arms_ros2_humble/ros2_ws/install/armrs_package/share/ament_index
creating /home/mahmmudqatmh/arms_ros2_humble/ros2_ws/install/armrs_package/share/ament_index/resource_index
creating /home/mahmmudqatmh/arms_ros2_humble/ros2_ws/install/armrs_package/share/ament_index/resource_index/packages
symbolically linking /home/mahmmudqatmh/arms_ros2_humble/ros2_ws/build/armrs_package/resource/armrs_package -> /home/mahmmudqatmh/arms_ros2_humble/ros2_ws/install/armrs_package/share/ament_index/resource_index/packages
symbolically linking /home/mahmmudqatmh/arms_ros2_humble/ros2_ws/build/armrs_package/package.xml -> /home/mahmmudqatmh/arms_ros2_humble/ros2_ws/install/armrs_package/share/armrs_package
creating /home/mahmmudqatmh/arms_ros2_humble/ros2_ws/install/armrs_package/share/armrs_package/launch
symbolically linking /home/mahmmudqatmh/arms_ros2_humble/ros2_ws/build/armrs_package/launch/post_process_ros2bag.py -> /home/mahmmudqatmh/arms_ros2_humble/ros2_ws/install/armrs_package/share/armrs_package/launch
symbolically linking /home/mahmmudqatmh/arms_ros2_humble/ros2_ws/build/armrs_package/launch/ROS2_sim_launch.py -> /home/mahmmudqatmh/arms_ros2_humble/ros2_ws/install/armrs_package/share/armrs_package/launch
symbolically linking /home/mahmmudqatmh/arms_ros2_humble/ros2_ws/build/armrs_package/launch/exp_launch.py -> /home/mahmmudqatmh/arms_ros2_humble/ros2_ws/install/armrs_package/share/armrs_package/launch
