running develop
/usr/lib/python3/dist-packages/pkg_resources/__init__.py:116: PkgResourcesDeprecationWarning: -VERSION- is an invalid version and will not be supported in a future release
  warnings.warn(
running egg_info
writing armrs_package.egg-info/PKG-INFO
writing dependency_links to armrs_package.egg-info/dependency_links.txt
writing entry points to armrs_package.egg-info/entry_points.txt
writing requirements to armrs_package.egg-info/requires.txt
writing top-level names to armrs_package.egg-info/top_level.txt
reading manifest file 'armrs_package.egg-info/SOURCES.txt'
writing manifest file 'armrs_package.egg-info/SOURCES.txt'
running build_ext
Creating /home/mahmmudqatmh/arms_ros2_humble/ros2_ws/install/armrs_package/lib/python3.10/site-packages/armrs-package.egg-link (link to .)
Installing ROS2_controller script to /home/mahmmudqatmh/arms_ros2_humble/ros2_ws/install/armrs_package/lib/armrs_package
Installing ROS2_dist_controller script to /home/mahmmudqatmh/arms_ros2_humble/ros2_ws/install/armrs_package/lib/armrs_package
Installing ROS2_fleet_evaluator script to /home/mahmmudqatmh/arms_ros2_humble/ros2_ws/install/armrs_package/lib/armrs_package
Installing ROS2_sensors script to /home/mahmmudqatmh/arms_ros2_humble/ros2_ws/install/armrs_package/lib/armrs_package
Installing ROS2_sim script to /home/mahmmudqatmh/arms_ros2_humble/ros2_ws/install/armrs_package/lib/armrs_package
Installing ROS2_visualizer script to /home/mahmmudqatmh/arms_ros2_humble/ros2_ws/install/armrs_package/lib/armrs_package

Installed /home/mahmmudqatmh/arms_ros2_humble/ros2_ws/build/armrs_package
running symlink_data
